// Jest Snapshot v1, https://goo.gl/fbAQLP

exports[`TabNav.vue Should mount the component 1`] = `
"<div class=\\"tab__pagination\\">
  <div class=\\"tab__pagination__prev\\">
    <!---->
  </div>
  <nav class=\\"tab__nav\\">
    <ul class=\\"tab__nav__items\\" style=\\"transform: translateX(-0px);\\">
      <li class=\\"tab__nav__item active\\"><span>Test</span></li>
      <!---->
    </ul>
  </nav>
  <div class=\\"tab__pagination__next\\">
    <!---->
  </div>
</div>"
`;
